........F.FF....................                                         [100%]
================================== FAILURES ===================================
______________________________ test_cli_version _______________________________
tests\test_cli.py:13: in test_cli_version
    assert "GhostCheck 0.4.0" in out or "GhostCheck 0.4.0" in err
E   AssertionError: assert ('GhostCheck 0.4.0' in 'GhostCheck 0.6.0\n' or 'GhostCheck 0.4.0' in '')
________________________________ test_cli_demo ________________________________
tests\test_cli.py:28: in test_cli_demo
    assert e.value.code == 0
E   assert 2 == 0
E    +  where 2 = SystemExit(2).code
E    +    where SystemExit(2) = <ExceptionInfo SystemExit(2) tblen=7>.value
---------------------------- Captured stderr call -----------------------------
usage: python.exe -m pytest [-h] [--version]
                            {scan,init,baseline,check-deps,check-secrets} ...
python.exe -m pytest: error: argument command: invalid choice: 'demo' (choose from scan, init, baseline, check-deps, check-secrets)
___________________________ test_demo_command_smoke ___________________________
tests\test_demo.py:8: in test_demo_command_smoke
    exit_code = runner.run(reporter_type="json")
                ^^^^^^^^^^^^^^^^^^^^^^^^^^^^^^^^
src\ghostcheck\demo.py:36: in run
    findings = scanner.scan()
               ^^^^^^^^^^^^^^
src\ghostcheck\scanner.py:195: in scan
    rel_path = os.path.relpath(fnd.get('file', ''), self.root_path).replace(os.sep, '/')
               ^^^^^^^^^^^^^^^^^^^^^^^^^^^^^^^^^^^^^^^^^^^^^^^^^^^^
<frozen ntpath>:741: in relpath
    ???
E   ValueError: no path specified
---------------------------- Captured stdout call -----------------------------
\n\U0001f680 Starting GhostCheck Demo Scan...\n
=========================== short test summary info ===========================
FAILED tests/test_cli.py::test_cli_version - AssertionError: assert ('GhostCh...
FAILED tests/test_cli.py::test_cli_demo - assert 2 == 0
FAILED tests/test_demo.py::test_demo_command_smoke - ValueError: no path spec...
3 failed, 29 passed in 2.11s
