============================= test session starts =============================
platform win32 -- Python 3.14.3, pytest-9.0.2, pluggy-1.6.0 -- C:\Python314\python.exe
cachedir: .pytest_cache
rootdir: C:\Users\wen\.gemini\antigravity\scratch\security-tools
configfile: pyproject.toml
plugins: anyio-4.12.1, asyncio-1.3.0, cov-7.0.0, mock-3.15.1
asyncio: mode=Mode.STRICT, debug=False, asyncio_default_fixture_loop_scope=None, asyncio_default_test_loop_scope=function
collecting ... collected 11 items

tests/test_agent_rules.py::test_rules_lint PASSED                        [  9%]
tests/test_cli.py::test_cli_version PASSED                               [ 18%]
tests/test_cli.py::test_cli_help PASSED                                  [ 27%]
tests/test_cli.py::test_cli_demo FAILED                                  [ 36%]
tests/test_demo.py::test_demo_command_smoke PASSED                       [ 45%]
tests/test_hallucination.py::test_parse_requirements PASSED              [ 54%]
tests/test_hallucination.py::test_check_pypi_not_found PASSED            [ 63%]
tests/test_hallucination.py::test_check_pypi_success PASSED              [ 72%]
tests/test_secrets.py::test_secret_scan PASSED                           [ 81%]
tests/test_secrets.py::test_severity_adjustment PASSED                   [ 90%]
tests/test_secrets.py::test_adjust_severity PASSED                       [100%]

================================== FAILURES ===================================
________________________________ test_cli_demo ________________________________

capsys = <_pytest.capture.CaptureFixture object at 0x00000284C91F5810>

    def test_cli_demo(capsys):
        with patch('ghostcheck.demo.DemoRunner.run', return_value=0):
            with patch('sys.argv', ['ghostcheck', 'demo']):
                with pytest.raises(SystemExit) as e:
>                   main()

tests\test_cli.py:27: 
_ _ _ _ _ _ _ _ _ _ _ _ _ _ _ _ _ _ _ _ _ _ _ _ _ _ _ _ _ _ _ _ _ _ _ _ _ _ _ _

    def main():
        parser = argparse.ArgumentParser(
            description="GhostCheck: AI-Era Security Scanner",
            epilog="Addressing the unique risks of AI-assisted development."
        )
    
        # Create a parent parser for common arguments
        parent_parser = argparse.ArgumentParser(add_help=False)
        parent_parser.add_argument("--format", choices=["console", "json"], default="console", help="Output format")
        parent_parser.add_argument("--severity", choices=["CRITICAL", "HIGH", "MEDIUM", "LOW", "INFO"], default="INFO", help="Minimum severity threshold")
        parent_parser.add_argument("--no-ignore", action="store_true", help="Disable .ghostcheckignore support")
        parent_parser.add_argument("--no-color", action="store_true", help="Disable colored output")
    
        subparsers = parser.add_subparsers(dest="command", help="Commands")
    
        # scan command
        scan_parser = subparsers.add_parser("scan", parents=[parent_parser], help="Run full scan on target path")
        scan_parser.add_argument("path", nargs="?", default=".", help="Target path to scan (default: .)")
    
        # check-deps command
        deps_parser = subparsers.add_parser("check-deps", parents=[parent_parser], help="Check dependencies for hallucinations")
        deps_parser.add_argument("target", help="File to check (requirements.txt or package.json)")
    
        # check-secrets command
        secrets_parser = subparsers.add_parser("check-secrets", parents=[parent_parser], help="Scan for leaked secrets")
        secrets_parser.add_argument("path", help="Path to scan")
    
        # check-rules command
        rules_parser = subparsers.add_parser("check-rules", parents=[parent_parser], help="Lint agent rules")
        rules_parser.add_argument("path", help="Path to scan for rule files")
    
        # demo command
        subparsers.add_parser("demo", help="Run a demo scan with sample vulnerabilities")
    
        # Version flag remains at top level
        parser.add_argument("--version", action="version", version="GhostCheck 0.2.0")
    
        args = parser.parse_args()
    
        if args.command == "demo":
            runner = DemoRunner()
>           sys.exit(runner.run(reporter_type=args.format))
                                              ^^^^^^^^^^^
E           AttributeError: 'Namespace' object has no attribute 'format'

src\ghostcheck\cli.py:50: AttributeError
=============================== tests coverage ================================
_______________ coverage: platform win32, python 3.14.3-final-0 _______________

Name                                        Stmts   Miss  Cover
---------------------------------------------------------------
src\ghostcheck\checks\agent_rules.py           15      0   100%
src\ghostcheck\checks\docker.py                12      7    42%
src\ghostcheck\checks\hallucination.py         92     40    57%
src\ghostcheck\checks\secrets.py               42      3    93%
src\ghostcheck\cli.py                          62     32    48%
src\ghostcheck\demo.py                         24      0   100%
src\ghostcheck\ignorefile.py                   23     12    48%
src\ghostcheck\reporters\console.py            41      4    90%
src\ghostcheck\reporters\json_reporter.py       4      1    75%
src\ghostcheck\scanner.py                      78     10    87%
---------------------------------------------------------------
TOTAL                                         393    109    72%
=========================== short test summary info ===========================
FAILED tests/test_cli.py::test_cli_demo - AttributeError: 'Namespace' object ...
======================== 1 failed, 10 passed in 2.67s =========================
